Archive member included to satisfy reference by file (symbol)

c:/users/xiexw/.deveco-device-tool/compiler_tool_chain/windows/cc_riscv32_musl_fp_win/bin/../lib/gcc/riscv32-linux-musl/7.3.0\libgcc.a(_divdi3.o)
                              obj/drivers/gpt/src/gpt.o (__divdi3)
c:/users/xiexw/.deveco-device-tool/compiler_tool_chain/windows/cc_riscv32_musl_fp_win/bin/../lib/gcc/riscv32-linux-musl/7.3.0\libgcc.a(_udivdi3.o)
                              obj/drivers/gpt/src/gpt.o (__udivdi3)
c:/users/xiexw/.deveco-device-tool/compiler_tool_chain/windows/cc_riscv32_musl_fp_win/bin/../lib/gcc/riscv32-linux-musl/7.3.0\libgcc.a(adddf3.o)
                              obj/drivers/base/src/base_math.o (__adddf3)
c:/users/xiexw/.deveco-device-tool/compiler_tool_chain/windows/cc_riscv32_musl_fp_win/bin/../lib/gcc/riscv32-linux-musl/7.3.0\libgcc.a(gedf2.o)
                              obj/drivers/base/src/base_math.o (__gtdf2)
c:/users/xiexw/.deveco-device-tool/compiler_tool_chain/windows/cc_riscv32_musl_fp_win/bin/../lib/gcc/riscv32-linux-musl/7.3.0\libgcc.a(ledf2.o)
                              obj/drivers/base/src/base_math.o (__ltdf2)
c:/users/xiexw/.deveco-device-tool/compiler_tool_chain/windows/cc_riscv32_musl_fp_win/bin/../lib/gcc/riscv32-linux-musl/7.3.0\libgcc.a(muldf3.o)
                              obj/drivers/base/src/base_math.o (__muldf3)
c:/users/xiexw/.deveco-device-tool/compiler_tool_chain/windows/cc_riscv32_musl_fp_win/bin/../lib/gcc/riscv32-linux-musl/7.3.0\libgcc.a(subdf3.o)
                              obj/drivers/base/src/base_math.o (__subdf3)
c:/users/xiexw/.deveco-device-tool/compiler_tool_chain/windows/cc_riscv32_musl_fp_win/bin/../lib/gcc/riscv32-linux-musl/7.3.0\libgcc.a(extendsfdf2.o)
                              obj/drivers/base/src/base_math.o (__extendsfdf2)
c:/users/xiexw/.deveco-device-tool/compiler_tool_chain/windows/cc_riscv32_musl_fp_win/bin/../lib/gcc/riscv32-linux-musl/7.3.0\libgcc.a(truncdfsf2.o)
                              obj/drivers/base/src/base_math.o (__truncdfsf2)
c:/users/xiexw/.deveco-device-tool/compiler_tool_chain/windows/cc_riscv32_musl_fp_win/bin/../lib/gcc/riscv32-linux-musl/7.3.0\libgcc.a(_clz.o)
                              c:/users/xiexw/.deveco-device-tool/compiler_tool_chain/windows/cc_riscv32_musl_fp_win/bin/../lib/gcc/riscv32-linux-musl/7.3.0\libgcc.a(_divdi3.o) (__clz_tab)
c:/users/xiexw/.deveco-device-tool/compiler_tool_chain/windows/cc_riscv32_musl_fp_win/bin/../lib/gcc/riscv32-linux-musl/7.3.0\libgcc.a(_clzsi2.o)
                              c:/users/xiexw/.deveco-device-tool/compiler_tool_chain/windows/cc_riscv32_musl_fp_win/bin/../lib/gcc/riscv32-linux-musl/7.3.0\libgcc.a(adddf3.o) (__clzsi2)
c:/users/xiexw/.deveco-device-tool/compiler_tool_chain/windows/cc_riscv32_musl_fp_win/bin/../sysroot/usr/lib\libc.a(memcpy.o)
                              obj/drivers/crg/src/crg.o (memcpy)
c:/users/xiexw/.deveco-device-tool/compiler_tool_chain/windows/cc_riscv32_musl_fp_win/bin/../sysroot/usr/lib\libc.a(memset.o)
                              obj/drivers/adc/src/adc.o (memset)

Discarded input sections

 .text          0x0000000000000000        0x0 obj/chip/3065h/startup.o
 .data          0x0000000000000000        0x0 obj/chip/3065h/startup.o
 .bss           0x0000000000000000        0x0 obj/chip/3065h/startup.o
 .text          0x0000000000000000        0x0 obj/chip/3065h/chipinit/chipinit.o
 .data          0x0000000000000000        0x0 obj/chip/3065h/chipinit/chipinit.o
 .bss           0x0000000000000000        0x0 obj/chip/3065h/chipinit/chipinit.o
 .text          0x0000000000000000        0x0 obj/chip/3065h/chipinit/adc_tsensor/adc_tsensor.o
 .data          0x0000000000000000        0x0 obj/chip/3065h/chipinit/adc_tsensor/adc_tsensor.o
 .bss           0x0000000000000000        0x0 obj/chip/3065h/chipinit/adc_tsensor/adc_tsensor.o
 .text          0x0000000000000000        0x0 obj/chip/3065h/chipinit/adcinit/adcinit.o
 .data          0x0000000000000000        0x0 obj/chip/3065h/chipinit/adcinit/adcinit.o
 .bss           0x0000000000000000        0x0 obj/chip/3065h/chipinit/adcinit/adcinit.o
 .text.ADC_GetGainTrim
                0x0000000000000000       0x1e obj/chip/3065h/chipinit/adcinit/adcinit.o
 .text          0x0000000000000000        0x0 obj/chip/3065h/chipinit/crginit/crginit.o
 .data          0x0000000000000000        0x0 obj/chip/3065h/chipinit/crginit/crginit.o
 .bss           0x0000000000000000        0x0 obj/chip/3065h/chipinit/crginit/crginit.o
 .text.CRG_Config
                0x0000000000000000       0x36 obj/chip/3065h/chipinit/crginit/crginit.o
 .text          0x0000000000000000        0x0 obj/chip/3065h/chipinit/flashinit/flashinit.o
 .data          0x0000000000000000        0x0 obj/chip/3065h/chipinit/flashinit/flashinit.o
 .bss           0x0000000000000000        0x0 obj/chip/3065h/chipinit/flashinit/flashinit.o
 .text          0x0000000000000000        0x0 obj/chip/3065h/chipinit/nosinit/nosinit.o
[...]
Memory Configuration

Name             Origin             Length             Attributes
RAM_CODE         0x0000000002000000 0x0000000000000000 xr
RAM_RESERVE_DATA 0x0000000004000000 0x0000000000000000 rw
RAM_DATA         0x0000000004000000 0x0000000000002800 xrw
RAM_STACK        0x0000000004002800 0x0000000000001800 xrw
FLASH_MAGIC      0x0000000003000000 0x0000000000000004 rw
FLASH_CODE       0x0000000003000004 0x0000000000027ffc xr
*default*        0x0000000000000000 0xffffffffffffffff

Linker script and memory map

START GROUP
LOAD c:/users/xiexw/.deveco-device-tool/compiler_tool_chain/windows/cc_riscv32_musl_fp_win/bin/../lib/gcc/riscv32-linux-musl/7.3.0\libgcc.a
LOAD c:/users/xiexw/.deveco-device-tool/compiler_tool_chain/windows/cc_riscv32_musl_fp_win/bin/../sysroot/usr/lib\libc.a
LOAD obj/chip/3065h/startup.o
LOAD obj/chip/3065h/chipinit/chipinit.o
LOAD obj/chip/3065h/chipinit/adc_tsensor/adc_tsensor.o
LOAD obj/chip/3065h/chipinit/adcinit/adcinit.o
LOAD obj/chip/3065h/chipinit/crginit/crginit.o
LOAD obj/chip/3065h/chipinit/flashinit/flashinit.o
LOAD obj/chip/3065h/chipinit/nosinit/nosinit.o
LOAD obj/chip/3065h/chipinit/pgainit/pgainit.o
LOAD obj/chip/3065h/chipinit/pmcinit/pmcinit.o
LOAD obj/chip/3065h/chipinit/systickinit/systickinit.o
LOAD obj/chip/3065h/fotp/fotp_info_read.o
LOAD obj/chip/3065h/ip_crg/ip_crg_common.o
LOAD obj/drivers/acmp/src/acmp.o
LOAD obj/drivers/adc/src/adc.o
LOAD obj/drivers/apt/src/apt.o
LOAD obj/drivers/base/src/base_math.o
LOAD obj/drivers/base/src/clock.o
LOAD obj/drivers/base/src/generalfunc.o
LOAD obj/drivers/base/src/interrupt.o
LOAD obj/drivers/base/src/lock.o
LOAD obj/drivers/base/src/reset.o
LOAD obj/drivers/can/src/can.o
LOAD obj/drivers/capm/src/capm.o
LOAD obj/drivers/cfd/src/cfd.o
LOAD obj/drivers/cmm/src/cmm.o
LOAD obj/drivers/crc/src/crc.o
LOAD obj/drivers/crg/src/crg.o
LOAD obj/drivers/dac/src/dac.o
LOAD obj/drivers/debug/src/debug.o
LOAD obj/drivers/dma/src/dma.o
LOAD obj/drivers/flash/src/flash.o
LOAD obj/drivers/gpio/src/gpio.o
LOAD obj/drivers/gpt/src/gpt.o
LOAD obj/drivers/i2c/src/i2c.o
LOAD obj/drivers/iocmg/src/iocmg.o
LOAD obj/drivers/pga/src/pga.o
LOAD obj/drivers/pmc/src/pmc.o
LOAD obj/drivers/qdm/src/qdm.o
LOAD obj/drivers/spi/src/spi.o
LOAD obj/drivers/timer/src/timer.o
LOAD obj/drivers/tsensor/src/tsensor.o
LOAD obj/drivers/tsensor/src/tsensor_ex.o
LOAD obj/drivers/uart/src/uart.o
LOAD obj/drivers/wdg/src/wdg.o
LOAD obj/middleware/control_library/mcs_curr_ctrl.o
LOAD obj/middleware/control_library/mcs_filter.o
LOAD obj/middleware/control_library/mcs_fosmo.o
LOAD obj/middleware/control_library/mcs_fw_ctrl.o
LOAD obj/middleware/control_library/mcs_if_ctrl.o
LOAD obj/middleware/control_library/mcs_math.o
LOAD obj/middleware/control_library/mcs_pid_ctrl.o
LOAD obj/middleware/control_library/mcs_pll.o
LOAD obj/middleware/control_library/mcs_r1_svpwm.o
LOAD obj/middleware/control_library/mcs_ramp_mgmt.o
LOAD obj/middleware/control_library/mcs_smo_4th.o
LOAD obj/middleware/control_library/mcs_spd_ctrl.o
LOAD obj/middleware/control_library/mcs_startup.o
LOAD obj/middleware/control_library/mcs_svpwm.o
LOAD obj/middleware/control_library/pfc_curr_ctrl.o
LOAD obj/middleware/control_library/pfc_volt_ctrl.o
LOAD obj/user/main.o
LOAD obj/user/KEY/src/Key.o
LOAD obj/user/generatecode/system_init.o
END GROUP
                0x0000000004000000                SRAM_START = 0x4000000
                0x0000000004004000                SRAM_END = 0x4004000
                0x0000000002000000                RAM_CODE_START = 0x2000000
                0x0000000000000000                RAM_CODE_SIZE = 0x0
                0x0000000004000000                RAM_RESERVE_DATA_START = (SRAM_START + RAM_CODE_SIZE)
                0x0000000000000000                RAM_RESERVE_DATA_SIZE = 0x0
                0x0000000004000000                RAM_START = (RAM_RESERVE_DATA_START + RAM_RESERVE_DATA_SIZE)
                0x0000000000002800                RAM_SIZE = 0x2800
                0x0000000004004000                RAM_END = SRAM_END
                0x0000000000001400                STACK_SIZE = 0x1400
                0x0000000000000400                NMI_STACK_SIZE = 0x400
                0x0000000000000400                INIT_STACK_SIZE = 0x400
                0x0000000003000000                FLASH_START = 0x3000000
                0x0000000000027ffc                FLASH_SIZE = 0x27ffc

.data.magic     0x0000000003000000        0x4
 *(.data.magic)
 .data.magic    0x0000000003000000        0x4 obj/chip/3065h/startup.o

.text.entry     0x0000000003000004      0x68c
 *(.text.entry)
 .text.entry    0x0000000003000004      0x68c obj/chip/3065h/startup.o
                0x0000000003000004                _start

.stacks         0x0000000004002800      0x400
                0x0000000004002800                . = ALIGN (0x4)
                0x0000000004002800                __SYSTEM_STACK_BEGIN__ = ORIGIN (RAM_STACK)
 *(.stacks)
                0x0000000004003c00                __SYSTEM_STACK_END__ = (ORIGIN (RAM_STACK) + STACK_SIZE)
                0x0000000004002800                . = ALIGN (0x20)
                0x0000000004003c00                __INTERRUPT_STACK_BEGIN__ = __SYSTEM_STACK_END__
                0x0000000004002800                . = ALIGN (0x20)
                0x0000000004003c00                __NMI_STACK_BEGIN__ = __SYSTEM_STACK_END__
                0x0000000004002800                __nmi_stack_bottom = .
                0x0000000004002c00                . = (. + NMI_STACK_SIZE)
 *fill*         0x0000000004002800      0x400 
                0x0000000004002c00                __nmi_stack_top = .
                0x0000000004003c00                __stack_top = __SYSTEM_STACK_END__
                0x0000000004002c00                __init_stack_top = (__SYSTEM_STACK_BEGIN__ + INIT_STACK_SIZE)
                0x0000000004003c00                __irq_stack_top = __SYSTEM_STACK_END__

.text.sram      0x0000000002000000        0x0 load address 0x0000000003000690
                0x0000000003000690                __sram_code_load = LOADADDR (.text.sram)
                0x0000000002000000                __sram_code_start = .
 *(.text.sram)
                0x0000000002000000                . = ALIGN (0x4)
                0x0000000002000000                __sram_code_end = .

.reserved.data  0x0000000004000000        0x0 load address 0x0000000003000690
                0x0000000003000690                __reserved_code_load_addr = LOADADDR (.reserved.data)
                0x0000000004000000                __reserved_code_start_addr = .
 *(.reserved.data*)
                0x0000000004000000                . = ALIGN (0x4)
                0x0000000004000000                __reserved_code_end_addr = .

.text           0x0000000003000690     0x13f0
                0x0000000003000690                __start_addr = .
 *(.text*)
 .text.Chip_Init
                0x0000000003000690       0x32 obj/chip/3065h/chipinit/chipinit.o
                0x0000000003000690                Chip_Init
 .text.TSENSOR_InitVrefList
                0x00000000030006c2       0x5e obj/chip/3065h/chipinit/adc_tsensor/adc_tsensor.o
                0x00000000030006c2                TSENSOR_InitVrefList
 .text.ADC_GetOffsetTrim
                0x0000000003000720       0x34 obj/chip/3065h/chipinit/adcinit/adcinit.o
                0x0000000003000720                ADC_GetOffsetTrim
 .text.ADC_InitVref
                0x0000000003000754      0x23e obj/chip/3065h/chipinit/adcinit/adcinit.o
                0x0000000003000754                ADC_InitVref
 .text.CRG_SetCoreClockSelect
                0x0000000003000992       0x12 obj/chip/3065h/chipinit/crginit/crginit.o
                0x0000000003000992                CRG_SetCoreClockSelect
 .text.FLASH_ClockConfig
                0x00000000030009a4       0xd4 obj/chip/3065h/chipinit/flashinit/flashinit.o
                0x00000000030009a4                FLASH_ClockConfig
 .text.FLASH_WaitClockConfigDone
                0x0000000003000a78       0x12 obj/chip/3065h/chipinit/flashinit/flashinit.o
                0x0000000003000a78                FLASH_WaitClockConfigDone
 .text.PGA_InitVref
                0x0000000003000a8a       0x4a obj/chip/3065h/chipinit/pgainit/pgainit.o
                0x0000000003000a8a                PGA_InitVref
 .text.PMC_InitVref
                0x0000000003000ad4       0x2e obj/chip/3065h/chipinit/pmcinit/pmcinit.o
                0x0000000003000ad4                PMC_InitVref
 .text.SYSTICK_GetCRGHZ
                0x0000000003000b02        0xa obj/chip/3065h/chipinit/systickinit/systickinit.o
                0x0000000003000b02                SYSTICK_GetCRGHZ
 .text.DCL_SYSTICK_GetTick
                0x0000000003000b0c        0xe obj/chip/3065h/chipinit/systickinit/systickinit.o
                0x0000000003000b0c                DCL_SYSTICK_GetTick
 .text.SYSTICK_Init
                0x0000000003000b1a       0x2e obj/chip/3065h/chipinit/systickinit/systickinit.o
                0x0000000003000b1a                SYSTICK_Init
 .text.FOTP_InfoGet
                0x0000000003000b48      0x114 obj/chip/3065h/fotp/fotp_info_read.o
                0x0000000003000b48                FOTP_InfoGet
 .text.GetCrgIpMatchInfo
                0x0000000003000c5c       0x22 obj/chip/3065h/ip_crg/ip_crg_common.o
                0x0000000003000c5c                GetCrgIpMatchInfo
 .text.__riscv_case_uqi
                0x0000000003000c7e       0x12 obj/drivers/adc/src/adc.o
                0x0000000003000c7e                __riscv_case_uqi
 .text.BASE_FUNC_DelayUs
                0x0000000003000c90       0x24 obj/drivers/base/src/clock.o
                0x0000000003000c90                BASE_FUNC_DelayUs
 .text.BASE_FUNC_DelayMs
                0x0000000003000cb4       0x16 obj/drivers/base/src/clock.o
                0x0000000003000cb4                BASE_FUNC_DelayMs
 .text.BASE_FUNC_DelaySeconds
                0x0000000003000cca       0x16 obj/drivers/base/src/clock.o
                0x0000000003000cca                BASE_FUNC_DelaySeconds
 .text.BASE_FUNC_Delay
                0x0000000003000ce0       0x1e obj/drivers/base/src/clock.o
                0x0000000003000ce0                BASE_FUNC_Delay
 .text.IRQ_DummyHandler
                0x0000000003000cfe        0x2 obj/drivers/base/src/interrupt.o
 .text.InterruptEntry
                0x0000000003000d00        0xe obj/drivers/base/src/interrupt.o
                0x0000000003000d00                InterruptEntry
 .text.IRQ_Init
                0x0000000003000d0e       0x1c obj/drivers/base/src/interrupt.o
                0x0000000003000d0e                IRQ_Init
 .text.SysErrPrint
                0x0000000003000d2a        0x2 obj/drivers/base/src/interrupt.o
                0x0000000003000d2a                SysErrPrint
 .text.SysErrExcEntry
                0x0000000003000d2c        0x2 obj/drivers/base/src/interrupt.o
                0x0000000003000d2c                SysErrExcEntry
 .text.SysErrNmiEntry
                0x0000000003000d2e        0x6 obj/drivers/base/src/interrupt.o
                0x0000000003000d2e                SysErrNmiEntry
 .text.DCL_SYSCTRL_CrgWriteProtectionDisable
                0x0000000003000d34       0x16 obj/drivers/crg/src/crg.o
 .text.DCL_SYSCTRL_CrgWriteProtectionEnable
                0x0000000003000d4a       0x16 obj/drivers/crg/src/crg.o
 .text.CRG_IpWithClkSelEnableSet
                0x0000000003000d60       0x26 obj/drivers/crg/src/crg.o
 .text.CRG_IpWithClkSelEnableGet
                0x0000000003000d86       0x10 obj/drivers/crg/src/crg.o
 .text.CRG_IpWithClkSelResetSet
                0x0000000003000d96       0x1c obj/drivers/crg/src/crg.o
 .text.CRG_IpWithClkSelResetGet
                0x0000000003000db2       0x12 obj/drivers/crg/src/crg.o
 .text.CRG_IpWithClkSelClkSelSet
                0x0000000003000dc4       0x1a obj/drivers/crg/src/crg.o
 .text.CRG_IpWithClkSelClkSelGet
                0x0000000003000dde       0x12 obj/drivers/crg/src/crg.o
 .text.CRG_IpWoClkSelEnableSet
                0x0000000003000df0       0x60 obj/drivers/crg/src/crg.o
 .text.CRG_IpWoClkSelEnableGet
                0x0000000003000e50       0x20 obj/drivers/crg/src/crg.o
 .text.CRG_IpWoClkSelResetSet
                0x0000000003000e70       0x44 obj/drivers/crg/src/crg.o
 .text.CRG_IpWoClkSelResetGet
                0x0000000003000eb4       0x20 obj/drivers/crg/src/crg.o
 .text.CRG_AdcEnableSet
                0x0000000003000ed4       0x52 obj/drivers/crg/src/crg.o
 .text.CRG_AdcEnableGet
                0x0000000003000f26       0x1c obj/drivers/crg/src/crg.o
 .text.CRG_AdcClkSelectSet
                0x0000000003000f42       0x1c obj/drivers/crg/src/crg.o
 .text.CRG_AdcClkSelectGet
                0x0000000003000f5e       0x12 obj/drivers/crg/src/crg.o
 .text.CRG_AdcDivSet
                0x0000000003000f70       0x1a obj/drivers/crg/src/crg.o
 .text.CRG_AdcDivGet
                0x0000000003000f8a       0x12 obj/drivers/crg/src/crg.o
 .text.CRG_AdcResetSet
                0x0000000003000f9c       0x52 obj/drivers/crg/src/crg.o
 .text.CRG_AdcResetGet
                0x0000000003000fee       0x1e obj/drivers/crg/src/crg.o
 .text.CRG_DacEnableSet
                0x000000000300100c       0x64 obj/drivers/crg/src/crg.o
 .text.CRG_DacEnableGet
                0x0000000003001070       0x18 obj/drivers/crg/src/crg.o
 .text.CRG_DacDivSet
                0x0000000003001088       0x6c obj/drivers/crg/src/crg.o
 .text.CRG_DacDivGet
                0x00000000030010f4       0x1c obj/drivers/crg/src/crg.o
 .text.CRG_DacResetSet
                0x0000000003001110       0x52 obj/drivers/crg/src/crg.o
 .text.CRG_DacResetGet
                0x0000000003001162       0x1a obj/drivers/crg/src/crg.o
 .text.CRG_EfcEnableSet
                0x000000000300117c       0x16 obj/drivers/crg/src/crg.o
 .text.CRG_EfcEnableGet
                0x0000000003001192       0x10 obj/drivers/crg/src/crg.o
 .text.CRG_GetVcoFreq
                0x00000000030011a2       0x4a obj/drivers/crg/src/crg.o
 .text.HAL_CRG_Init
                0x00000000030011ec       0xbc obj/drivers/crg/src/crg.o
                0x00000000030011ec                HAL_CRG_Init
 .text.HAL_CRG_SetCoreClockSelect
                0x00000000030012a8       0x1e obj/drivers/crg/src/crg.o
                0x00000000030012a8                HAL_CRG_SetCoreClockSelect
 .text.HAL_CRG_GetPllFreq
                0x00000000030012c6       0x20 obj/drivers/crg/src/crg.o
                0x00000000030012c6                HAL_CRG_GetPllFreq
 .text.HAL_CRG_GetCoreClkFreq
                0x00000000030012e6       0x2e obj/drivers/crg/src/crg.o
                0x00000000030012e6                HAL_CRG_GetCoreClkFreq
 .text.HAL_CRG_GetIpFreq
                0x0000000003001314       0xa4 obj/drivers/crg/src/crg.o
                0x0000000003001314                HAL_CRG_GetIpFreq
 .text.HAL_CRG_IpEnableSet
                0x00000000030013b8       0x2a obj/drivers/crg/src/crg.o
                0x00000000030013b8                HAL_CRG_IpEnableSet
 .text.GPIO_RspInit
                0x00000000030013e2        0x2 obj/drivers/gpio/src/gpio.o
                0x00000000030013e2                GPIO_RspInit
 .text.HAL_GPIO_SetValue
                0x00000000030013e4       0x12 obj/drivers/gpio/src/gpio.o
                0x00000000030013e4                HAL_GPIO_SetValue
 .text.HAL_GPIO_GetPinValue
                0x00000000030013f6        0xe obj/drivers/gpio/src/gpio.o
                0x00000000030013f6                HAL_GPIO_GetPinValue
 .text.HAL_GPIO_SetIrqType
                0x0000000003001404       0xbc obj/drivers/gpio/src/gpio.o
                0x0000000003001404                HAL_GPIO_SetIrqType
 .text.HAL_GPIO_Init
                0x00000000030014c0       0x6c obj/drivers/gpio/src/gpio.o
                0x00000000030014c0                HAL_GPIO_Init
 .text.HAL_TIMER_RspInit
                0x000000000300152c        0x2 obj/drivers/timer/src/timer.o
                0x000000000300152c                HAL_TIMER_RspInit
 .text.HAL_TIMER_Init
                0x000000000300152e       0x94 obj/drivers/timer/src/timer.o
                0x000000000300152e                HAL_TIMER_Init
 .text.HAL_TIMER_Start
                0x00000000030015c2        0xc obj/drivers/timer/src/timer.o
                0x00000000030015c2                HAL_TIMER_Start
 .text.startup.main
                0x00000000030015ce       0x30 obj/user/main.o
                0x00000000030015ce                main
 .text.Key_Num  0x00000000030015fe       0x2a obj/user/KEY/src/Key.o
                0x00000000030015fe                Key_Num
 .text.CRG_Config
                0x0000000003001628       0x2c obj/user/generatecode/system_init.o
                0x0000000003001628                CRG_Config
 .text.SystemInit
                0x0000000003001654       0xb8 obj/user/generatecode/system_init.o
                0x0000000003001654                SystemInit
 *(.ram.text*)
                0x000000000300170c                . = ALIGN (0x4)
 *fill*         0x000000000300170c        0x0 
                0x000000000300170c                __rodata_start = .
 *(.rodata*)
 .rodata.TSENSOR_InitVrefList.cst4
                0x000000000300170c        0x8 obj/chip/3065h/chipinit/adc_tsensor/adc_tsensor.o
 .rodata.ADC_GetGainTrim.cst4
                0x0000000003001714        0x4 obj/chip/3065h/chipinit/adcinit/adcinit.o
 .rodata.ADC_GetOffsetTrim.cst4
                0x0000000003001718        0x4 obj/chip/3065h/chipinit/adcinit/adcinit.o
 .rodata.ADC_InitVref.cst4
                0x000000000300171c        0x4 obj/chip/3065h/chipinit/adcinit/adcinit.o
 .rodata.g_crgIpMatch
                0x0000000003001720      0x264 obj/chip/3065h/ip_crg/ip_crg_common.o
 .rodata.g_ipClkProc
                0x0000000003001984       0xfc obj/drivers/crg/src/crg.o
                0x0000000003001a80                . = ALIGN (0x4)
                0x0000000003001a80                __rodata_end = .
 *(.got*)
                0x0000000003001a80                __text_end = .

.rela.dyn       0x0000000003001a80        0x0
 .rela.text.entry
                0x0000000003001a80        0x0 obj/chip/3065h/startup.o
 .rela.text.SysErrExcEntry
                0x0000000003001a80        0x0 obj/chip/3065h/startup.o
 .rela.text.SysErrNmiEntry
                0x0000000003001a80        0x0 obj/chip/3065h/startup.o
 .rela.text.HAL_CRG_GetIpFreq
                0x0000000003001a80        0x0 obj/chip/3065h/startup.o
 .rela.text.HAL_GPIO_Init
                0x0000000003001a80        0x0 obj/chip/3065h/startup.o
 .rela.text.HAL_TIMER_Init
                0x0000000003001a80        0x0 obj/chip/3065h/startup.o

.data           0x0000000004000000        0x8 load address 0x0000000003001a80
                0x0000000003001a80                __data_load = LOADADDR (.data)
                0x0000000004000000                __data_start = .
 *(.data*)
 .data.g_hosc_ctrim
                0x0000000004000000        0x4 obj/chip/3065h/chipinit/adc_tsensor/adc_tsensor.o
                0x0000000004000000                g_hosc_ctrim
 .data.g_versionId
                0x0000000004000004        0x4 obj/chip/3065h/chipinit/adcinit/adcinit.o
                0x0000000004000004                g_versionId
                0x0000000004000008                . = ALIGN (0x4)
                0x0000000004000008                __data_end = .
                0x0000000000000008                __data_size = (__data_end - __data_start)

.bss            0x0000000004000008      0x584 load address 0x0000000003001a88
                0x0000000004000008                __bss_begin__ = .
 *(.bss*)
 .bss.g_tsensor
                0x0000000004000008        0xc obj/chip/3065h/chipinit/adc_tsensor/adc_tsensor.o
                0x0000000004000008                g_tsensor
 .bss.g_adcParmList
                0x0000000004000014       0xc0 obj/chip/3065h/chipinit/adcinit/adcinit.o
                0x0000000004000014                g_adcParmList
 .bss.g_adcTrimList
                0x00000000040000d4       0x30 obj/chip/3065h/chipinit/adcinit/adcinit.o
                0x00000000040000d4                g_adcTrimList
 .bss.g_trimEnable
                0x0000000004000104        0x1 obj/chip/3065h/chipinit/adcinit/adcinit.o
                0x0000000004000104                g_trimEnable
 *fill*         0x0000000004000105        0x3 
 .bss.g_systickHandle
                0x0000000004000108       0x28 obj/chip/3065h/chipinit/systickinit/systickinit.o
                0x0000000004000108                g_systickHandle
 .bss.g_irqCallbackFunc
                0x0000000004000130      0x3a8 obj/drivers/base/src/interrupt.o
                0x0000000004000130                g_irqCallbackFunc
 .bss.g_crgBaseAddr
                0x00000000040004d8        0x4 obj/drivers/crg/src/crg.o
 .bss.g_gpio0   0x00000000040004dc       0x58 obj/user/main.o
                0x00000000040004dc                g_gpio0
 .bss.g_gpio2   0x0000000004000534       0x58 obj/user/main.o
                0x0000000004000534                g_gpio2
 *(COMMON)
                0x000000000400058c                . = ALIGN (0x4)
                0x000000000400058c                __bss_end__ = .
                0x0000000000000584                __bss_size__ = (__bss_end__ - __bss_begin__)
                0x00000000040002c6                __global_pointer$ = (__data_start + ((__data_size + __bss_size__) / 0x2))
OUTPUT(./bin/target.elf elf32-littleriscv)

.debug_line     0x0000000000000000     0x4753
 .debug_line    0x0000000000000000      0x860 obj/chip/3065h/startup.o
 .debug_line    0x0000000000000860      0x255 obj/chip/3065h/chipinit/chipinit.o
 .debug_line    0x0000000000000ab5      0x109 obj/chip/3065h/chipinit/adc_tsensor/adc_tsensor.o
 .debug_line    0x0000000000000bbe      0x3a9 obj/chip/3065h/chipinit/adcinit/adcinit.o
 .debug_line    0x0000000000000f67      0x13f obj/chip/3065h/chipinit/crginit/crginit.o
 .debug_line    0x00000000000010a6      0x19f obj/chip/3065h/chipinit/flashinit/flashinit.o
 .debug_line    0x0000000000001245       0xe0 obj/chip/3065h/chipinit/pgainit/pgainit.o
 .debug_line    0x0000000000001325       0xce obj/chip/3065h/chipinit/pmcinit/pmcinit.o
 .debug_line    0x00000000000013f3      0x1a2 obj/chip/3065h/chipinit/systickinit/systickinit.o
 .debug_line    0x0000000000001595      0x1a9 obj/chip/3065h/fotp/fotp_info_read.o
 .debug_line    0x000000000000173e       0x91 obj/chip/3065h/ip_crg/ip_crg_common.o
 .debug_line    0x00000000000017cf      0xca4 obj/drivers/adc/src/adc.o
 .debug_line    0x0000000000002473      0x1a9 obj/drivers/base/src/clock.o
 .debug_line    0x000000000000261c      0x452 obj/drivers/base/src/interrupt.o
 .debug_line    0x0000000000002a6e     0x1015 obj/drivers/crg/src/crg.o
 .debug_line    0x0000000000003a83      0x482 obj/drivers/gpio/src/gpio.o
 .debug_line    0x0000000000003f05      0x39e obj/drivers/timer/src/timer.o
 .debug_line    0x00000000000042a3      0x109 obj/user/main.o
 .debug_line    0x00000000000043ac      0x153 obj/user/KEY/src/Key.o
 .debug_line    0x00000000000044ff      0x254 obj/user/generatecode/system_init.o

.debug_info     0x0000000000000000    0x17042
 .debug_info    0x0000000000000000       0x26 obj/chip/3065h/startup.o
 .debug_info    0x0000000000000026      0x2c6 obj/chip/3065h/chipinit/chipinit.o
 .debug_info    0x00000000000002ec      0x2c1 obj/chip/3065h/chipinit/adc_tsensor/adc_tsensor.o
 .debug_info    0x00000000000005ad     0x1d90 obj/chip/3065h/chipinit/adcinit/adcinit.o
 .debug_info    0x000000000000233d     0x192c obj/chip/3065h/chipinit/crginit/crginit.o
 .debug_info    0x0000000000003c69      0xe90 obj/chip/3065h/chipinit/flashinit/flashinit.o
 .debug_info    0x0000000000004af9      0x419 obj/chip/3065h/chipinit/pgainit/pgainit.o
 .debug_info    0x0000000000004f12      0x6eb obj/chip/3065h/chipinit/pmcinit/pmcinit.o
 .debug_info    0x00000000000055fd      0x474 obj/chip/3065h/chipinit/systickinit/systickinit.o
 .debug_info    0x0000000000005a71      0xe2c obj/chip/3065h/fotp/fotp_info_read.o
 .debug_info    0x000000000000689d      0x138 obj/chip/3065h/ip_crg/ip_crg_common.o
 .debug_info    0x00000000000069d5     0x65e2 obj/drivers/adc/src/adc.o
 .debug_info    0x000000000000cfb7      0x231 obj/drivers/base/src/clock.o
 .debug_info    0x000000000000d1e8     0x1087 obj/drivers/base/src/interrupt.o
 .debug_info    0x000000000000e26f     0x394c obj/drivers/crg/src/crg.o
 .debug_info    0x0000000000011bbb     0x1124 obj/drivers/gpio/src/gpio.o
 .debug_info    0x0000000000012cdf      0x6de obj/drivers/timer/src/timer.o
 .debug_info    0x00000000000133bd      0xa38 obj/user/main.o
 .debug_info    0x0000000000013df5      0xa7b obj/user/KEY/src/Key.o
 .debug_info    0x0000000000014870     0x27d2 obj/user/generatecode/system_init.o

.debug_abbrev   0x0000000000000000     0x2b55
 .debug_abbrev  0x0000000000000000       0x14 obj/chip/3065h/startup.o
 .debug_abbrev  0x0000000000000014      0x132 obj/chip/3065h/chipinit/chipinit.o
 .debug_abbrev  0x0000000000000146      0x15d obj/chip/3065h/chipinit/adc_tsensor/adc_tsensor.o
 .debug_abbrev  0x00000000000002a3      0x2ea obj/chip/3065h/chipinit/adcinit/adcinit.o
 .debug_abbrev  0x000000000000058d      0x170 obj/chip/3065h/chipinit/crginit/crginit.o
 .debug_abbrev  0x00000000000006fd      0x225 obj/chip/3065h/chipinit/flashinit/flashinit.o
 .debug_abbrev  0x0000000000000922      0x18b obj/chip/3065h/chipinit/pgainit/pgainit.o
 .debug_abbrev  0x0000000000000aad      0x1a1 obj/chip/3065h/chipinit/pmcinit/pmcinit.o
 .debug_abbrev  0x0000000000000c4e      0x17f obj/chip/3065h/chipinit/systickinit/systickinit.o
 .debug_abbrev  0x0000000000000dcd      0x1e1 obj/chip/3065h/fotp/fotp_info_read.o
 .debug_abbrev  0x0000000000000fae       0xd9 obj/chip/3065h/ip_crg/ip_crg_common.o
 .debug_abbrev  0x0000000000001087      0x544 obj/drivers/adc/src/adc.o
 .debug_abbrev  0x00000000000015cb      0x12d obj/drivers/base/src/clock.o
 .debug_abbrev  0x00000000000016f8      0x34b obj/drivers/base/src/interrupt.o
 .debug_abbrev  0x0000000000001a43      0x476 obj/drivers/crg/src/crg.o
 .debug_abbrev  0x0000000000001eb9      0x3e2 obj/drivers/gpio/src/gpio.o
 .debug_abbrev  0x000000000000229b      0x1e2 obj/drivers/timer/src/timer.o
 .debug_abbrev  0x000000000000247d      0x1f0 obj/user/main.o
 .debug_abbrev  0x000000000000266d      0x221 obj/user/KEY/src/Key.o
 .debug_abbrev  0x000000000000288e      0x2c7 obj/user/generatecode/system_init.o

.debug_aranges  0x0000000000000000      0x618
 .debug_aranges
                0x0000000000000000       0x20 obj/chip/3065h/startup.o
 .debug_aranges
                0x0000000000000020       0x20 obj/chip/3065h/chipinit/chipinit.o
 .debug_aranges
                0x0000000000000040       0x20 obj/chip/3065h/chipinit/adc_tsensor/adc_tsensor.o
 .debug_aranges
                0x0000000000000060       0x30 obj/chip/3065h/chipinit/adcinit/adcinit.o
 .debug_aranges
                0x0000000000000090       0x28 obj/chip/3065h/chipinit/crginit/crginit.o
 .debug_aranges
                0x00000000000000b8       0x28 obj/chip/3065h/chipinit/flashinit/flashinit.o
 .debug_aranges
                0x00000000000000e0       0x20 obj/chip/3065h/chipinit/pgainit/pgainit.o
 .debug_aranges
                0x0000000000000100       0x20 obj/chip/3065h/chipinit/pmcinit/pmcinit.o
 .debug_aranges
                0x0000000000000120       0x38 obj/chip/3065h/chipinit/systickinit/systickinit.o
 .debug_aranges
                0x0000000000000158       0x20 obj/chip/3065h/fotp/fotp_info_read.o
 .debug_aranges
                0x0000000000000178       0x20 obj/chip/3065h/ip_crg/ip_crg_common.o
 .debug_aranges
                0x0000000000000198       0xc0 obj/drivers/adc/src/adc.o
 .debug_aranges
                0x0000000000000258       0x40 obj/drivers/base/src/clock.o
 .debug_aranges
                0x0000000000000298       0x90 obj/drivers/base/src/interrupt.o
 .debug_aranges
                0x0000000000000328      0x188 obj/drivers/crg/src/crg.o
 .debug_aranges
                0x00000000000004b0       0x90 obj/drivers/gpio/src/gpio.o
 .debug_aranges
                0x0000000000000540       0x68 obj/drivers/timer/src/timer.o
 .debug_aranges
                0x00000000000005a8       0x20 obj/user/main.o
 .debug_aranges
                0x00000000000005c8       0x28 obj/user/KEY/src/Key.o
 .debug_aranges
                0x00000000000005f0       0x28 obj/user/generatecode/system_init.o

.debug_str      0x0000000000000000     0x8170
 .debug_str     0x0000000000000000       0x40 obj/chip/3065h/startup.o
 .debug_str     0x0000000000000040      0x5d7 obj/chip/3065h/chipinit/chipinit.o
                                        0x628 (size before relaxing)
 .debug_str     0x0000000000000617      0x12a obj/chip/3065h/chipinit/adc_tsensor/adc_tsensor.o
                                        0x545 (size before relaxing)
 .debug_str     0x0000000000000741     0x1237 obj/chip/3065h/chipinit/adcinit/adcinit.o
                                       0x171f (size before relaxing)
 .debug_str     0x0000000000001978      0xc4d obj/chip/3065h/chipinit/crginit/crginit.o
                                       0x1149 (size before relaxing)
 .debug_str     0x00000000000025c5      0x720 obj/chip/3065h/chipinit/flashinit/flashinit.o
                                        0xc37 (size before relaxing)
 .debug_str     0x0000000000002ce5      0x1c0 obj/chip/3065h/chipinit/pgainit/pgainit.o
                                        0x65b (size before relaxing)
 .debug_str     0x0000000000002ea5      0x22b obj/chip/3065h/chipinit/pmcinit/pmcinit.o
                                        0x827 (size before relaxing)
 .debug_str     0x00000000000030d0      0x307 obj/chip/3065h/chipinit/systickinit/systickinit.o
                                        0x75e (size before relaxing)
 .debug_str     0x00000000000033d7       0xad obj/chip/3065h/fotp/fotp_info_read.o
                                        0xc6b (size before relaxing)
 .debug_str     0x0000000000003484       0xf5 obj/chip/3065h/ip_crg/ip_crg_common.o
                                        0x4d8 (size before relaxing)
 .debug_str     0x0000000000003579     0x33b1 obj/drivers/adc/src/adc.o
                                       0x4103 (size before relaxing)
 .debug_str     0x000000000000692a       0xb0 obj/drivers/base/src/clock.o
                                        0x53a (size before relaxing)
 .debug_str     0x00000000000069da      0x521 obj/drivers/base/src/interrupt.o
                                        0x9b0 (size before relaxing)
 .debug_str     0x0000000000006efb      0x942 obj/drivers/crg/src/crg.o
                                       0x1c2a (size before relaxing)
 .debug_str     0x000000000000783d      0x4c4 obj/drivers/gpio/src/gpio.o
                                        0x966 (size before relaxing)
 .debug_str     0x0000000000007d01      0x1b2 obj/drivers/timer/src/timer.o
                                        0x8dc (size before relaxing)
 .debug_str     0x0000000000007eb3       0x4b obj/user/main.o
                                        0x79b (size before relaxing)
 .debug_str     0x0000000000007efe       0x29 obj/user/KEY/src/Key.o
                                        0x7ae (size before relaxing)
 .debug_str     0x0000000000007f27      0x249 obj/user/generatecode/system_init.o
                                       0x1665 (size before relaxing)

.debug_ranges   0x0000000000000000      0xa60
 .debug_ranges  0x0000000000000000       0x10 obj/chip/3065h/chipinit/chipinit.o
 .debug_ranges  0x0000000000000010       0x10 obj/chip/3065h/chipinit/adc_tsensor/adc_tsensor.o
 .debug_ranges  0x0000000000000020       0x58 obj/chip/3065h/chipinit/adcinit/adcinit.o
 .debug_ranges  0x0000000000000078       0x18 obj/chip/3065h/chipinit/crginit/crginit.o
 .debug_ranges  0x0000000000000090       0x60 obj/chip/3065h/chipinit/flashinit/flashinit.o
 .debug_ranges  0x00000000000000f0       0x10 obj/chip/3065h/chipinit/pgainit/pgainit.o
 .debug_ranges  0x0000000000000100       0x10 obj/chip/3065h/chipinit/pmcinit/pmcinit.o
 .debug_ranges  0x0000000000000110       0x40 obj/chip/3065h/chipinit/systickinit/systickinit.o
 .debug_ranges  0x0000000000000150       0x48 obj/chip/3065h/fotp/fotp_info_read.o
 .debug_ranges  0x0000000000000198       0x10 obj/chip/3065h/ip_crg/ip_crg_common.o
 .debug_ranges  0x00000000000001a8      0x2d0 obj/drivers/adc/src/adc.o
 .debug_ranges  0x0000000000000478       0x60 obj/drivers/base/src/clock.o
 .debug_ranges  0x00000000000004d8       0xd8 obj/drivers/base/src/interrupt.o
 .debug_ranges  0x00000000000005b0      0x2d8 obj/drivers/crg/src/crg.o
 .debug_ranges  0x0000000000000888      0x110 obj/drivers/gpio/src/gpio.o
 .debug_ranges  0x0000000000000998       0x58 obj/drivers/timer/src/timer.o
 .debug_ranges  0x00000000000009f0       0x10 obj/user/main.o
 .debug_ranges  0x0000000000000a00       0x18 obj/user/KEY/src/Key.o
 .debug_ranges  0x0000000000000a18       0x48 obj/user/generatecode/system_init.o

.comment        0x0000000000000000       0x25
 .comment       0x0000000000000000       0x25 obj/chip/3065h/chipinit/chipinit.o
                                         0x26 (size before relaxing)
 .comment       0x0000000000000025       0x26 obj/chip/3065h/chipinit/adc_tsensor/adc_tsensor.o
 .comment       0x0000000000000025       0x26 obj/chip/3065h/chipinit/adcinit/adcinit.o
 .comment       0x0000000000000025       0x26 obj/chip/3065h/chipinit/crginit/crginit.o
 .comment       0x0000000000000025       0x26 obj/chip/3065h/chipinit/flashinit/flashinit.o
 .comment       0x0000000000000025       0x26 obj/chip/3065h/chipinit/pgainit/pgainit.o
 .comment       0x0000000000000025       0x26 obj/chip/3065h/chipinit/pmcinit/pmcinit.o
 .comment       0x0000000000000025       0x26 obj/chip/3065h/chipinit/systickinit/systickinit.o
 .comment       0x0000000000000025       0x26 obj/chip/3065h/fotp/fotp_info_read.o
 .comment       0x0000000000000025       0x26 obj/chip/3065h/ip_crg/ip_crg_common.o
 .comment       0x0000000000000025       0x26 obj/drivers/adc/src/adc.o
 .comment       0x0000000000000025       0x26 obj/drivers/base/src/clock.o
 .comment       0x0000000000000025       0x26 obj/drivers/base/src/interrupt.o
 .comment       0x0000000000000025       0x26 obj/drivers/crg/src/crg.o
 .comment       0x0000000000000025       0x26 obj/drivers/gpio/src/gpio.o
 .comment       0x0000000000000025       0x26 obj/drivers/timer/src/timer.o
 .comment       0x0000000000000025       0x26 obj/user/main.o
 .comment       0x0000000000000025       0x26 obj/user/KEY/src/Key.o
 .comment       0x0000000000000025       0x26 obj/user/generatecode/system_init.o

.debug_frame    0x0000000000000000      0xd48
 .debug_frame   0x0000000000000000       0x2c obj/chip/3065h/chipinit/chipinit.o
 .debug_frame   0x000000000000002c       0x2c obj/chip/3065h/chipinit/adc_tsensor/adc_tsensor.o
 .debug_frame   0x0000000000000058       0x5c obj/chip/3065h/chipinit/adcinit/adcinit.o
 .debug_frame   0x00000000000000b4       0x4c obj/chip/3065h/chipinit/crginit/crginit.o
 .debug_frame   0x0000000000000100       0x3c obj/chip/3065h/chipinit/flashinit/flashinit.o
 .debug_frame   0x000000000000013c       0x2c obj/chip/3065h/chipinit/pgainit/pgainit.o
 .debug_frame   0x0000000000000168       0x2c obj/chip/3065h/chipinit/pmcinit/pmcinit.o
 .debug_frame   0x0000000000000194       0x68 obj/chip/3065h/chipinit/systickinit/systickinit.o
 .debug_frame   0x00000000000001fc       0x20 obj/chip/3065h/fotp/fotp_info_read.o
 .debug_frame   0x000000000000021c       0x20 obj/chip/3065h/ip_crg/ip_crg_common.o
 .debug_frame   0x000000000000023c      0x244 obj/drivers/adc/src/adc.o
 .debug_frame   0x0000000000000480       0x9c obj/drivers/base/src/clock.o
 .debug_frame   0x000000000000051c      0x118 obj/drivers/base/src/interrupt.o
 .debug_frame   0x0000000000000634      0x424 obj/drivers/crg/src/crg.o
 .debug_frame   0x0000000000000a58      0x13c obj/drivers/gpio/src/gpio.o
 .debug_frame   0x0000000000000b94       0xe0 obj/drivers/timer/src/timer.o
 .debug_frame   0x0000000000000c74       0x28 obj/user/main.o
 .debug_frame   0x0000000000000c9c       0x54 obj/user/KEY/src/Key.o
 .debug_frame   0x0000000000000cf0       0x58 obj/user/generatecode/system_init.o

.debug_loc      0x0000000000000000     0x43ba
 .debug_loc     0x0000000000000000       0x6f obj/chip/3065h/chipinit/adc_tsensor/adc_tsensor.o
 .debug_loc     0x000000000000006f      0x2aa obj/chip/3065h/chipinit/adcinit/adcinit.o
 .debug_loc     0x0000000000000319       0x64 obj/chip/3065h/chipinit/crginit/crginit.o
 .debug_loc     0x000000000000037d      0x207 obj/chip/3065h/chipinit/flashinit/flashinit.o
 .debug_loc     0x0000000000000584       0xf4 obj/chip/3065h/fotp/fotp_info_read.o
 .debug_loc     0x0000000000000678       0x59 obj/chip/3065h/ip_crg/ip_crg_common.o
 .debug_loc     0x00000000000006d1     0x1a39 obj/drivers/adc/src/adc.o
 .debug_loc     0x000000000000210a      0x211 obj/drivers/base/src/clock.o
 .debug_loc     0x000000000000231b      0x81a obj/drivers/base/src/interrupt.o
 .debug_loc     0x0000000000002b35      0xf60 obj/drivers/crg/src/crg.o
 .debug_loc     0x0000000000003a95      0x671 obj/drivers/gpio/src/gpio.o
 .debug_loc     0x0000000000004106      0x1a1 obj/drivers/timer/src/timer.o
 .debug_loc     0x00000000000042a7       0xdc obj/user/KEY/src/Key.o
 .debug_loc     0x0000000000004383       0x37 obj/user/generatecode/system_init.o
